12:32:51 **** Incremental Build of configuration Debug for project OperationMode ****
make -j16 all 
arm-none-eabi-gcc "../Src/main.c" -mcpu=cortex-m4 -std=gnu11 -g3 -DDEBUG -DSTM32 -DSTM32F407G_DISC1 -DSTM32F4 -DSTM32F407VGTx -c -I../Inc -O0 -ffunction-sections -fdata-sections -Wall -fstack-usage -fcyclomatic-complexity -MMD -MP -MF"Src/main.d" -MT"Src/main.o" --specs=nano.specs -mfpu=fpv4-sp-d16 -mfloat-abi=hard -mthumb -o "Src/main.o"
arm-none-eabi-gcc -o "OperationMode.elf" @"objects.list"   -mcpu=cortex-m4 -T"C:\Users\shane\OneDrive\Documents\STM32 Discovery Projects\OperationMode\STM32F407VGTX_FLASH.ld" --specs=nosys.specs -Wl,-Map="OperationMode.map" -Wl,--gc-sections -static --specs=nano.specs -mfpu=fpv4-sp-d16 -mfloat-abi=hard -mthumb -Wl,--start-group -lc -lm -Wl,--end-group
Finished building target: OperationMode.elf
 
arm-none-eabi-size   OperationMode.elf 
arm-none-eabi-objdump -h -S  OperationMode.elf  > "OperationMode.list"
   text	   data	    bss	    dec	    hex	filename
    684	      8	   1568	   2260	    8d4	OperationMode.elf
Finished building: default.size.stdout
 
Finished building: OperationMode.list
 

12:32:51 Build Finished. 0 errors, 0 warnings. (took 416ms)

